[evo-noi-that.mysapo.net/index.html]
[backblue.gif]
[fade.gif]
[index.html]
[bizweb.dktcdn.net/100/360/933/themes/728303/assets/favicon7825.png]
[bizweb.dktcdn.net/100/360/933/themes/728303/assets/logo7825.png]
[bizweb.dktcdn.net/100/360/933/themes/728303/assets/bootstrap.scss7825.css]
[bizweb.dktcdn.net/100/360/933/themes/728303/assets/plugin.scss7825.css]
[bizweb.dktcdn.net/100/360/933/themes/728303/assets/evo-main.scss7825.css]
[bizweb.dktcdn.net/100/360/933/themes/728303/assets/slick.scss7825.css]
[bizweb.dktcdn.net/100/360/933/themes/728303/assets/evo-index.scss7825.css]
[evo-noi-that.mysapo.net/s]
[evo-noi-that.mysapo.net/dist/js/stats.min4143.js]
[bizweb.dktcdn.net/100/360/933/themes/728303/assets/jquery-2.2.3.min7825.js]
[evo-noi-that.mysapo.net/account/login.html]
[evo-noi-that.mysapo.net/account/register.html]
[evo-noi-that.mysapo.net/cart.html]
[evo-noi-that.mysapo.net/he-thong-cua-hang.html]
[evo-noi-that.mysapo.net/noi-that-go.html]
[evo-noi-that.mysapo.net/ban.html]
[evo-noi-that.mysapo.net/ban-an.html]
[evo-noi-that.mysapo.net/ban-trang-tri.html]
[evo-noi-that.mysapo.net/ban-ca-phe.html]
[evo-noi-that.mysapo.net/ban-trang-diem.html]
[evo-noi-that.mysapo.net/bo-ban-an.html]
[evo-noi-that.mysapo.net/bo-ban-4-ghe-an.html]
[evo-noi-that.mysapo.net/bo-ban-6-ghe-an.html]
[evo-noi-that.mysapo.net/giuong.html]
[evo-noi-that.mysapo.net/giuong-1-2m.html]
[evo-noi-that.mysapo.net/giuong-1-6m.html]
[evo-noi-that.mysapo.net/giuong-1-8m.html]
[evo-noi-that.mysapo.net/giuong-tang.html]
[evo-noi-that.mysapo.net/ghe.html]
[evo-noi-that.mysapo.net/ghe-an.html]
[evo-noi-that.mysapo.net/ghe-ngoai-troi.html]
[evo-noi-that.mysapo.net/ghe-dai.html]
[evo-noi-that.mysapo.net/ghe-don-ngoai-troi.html]
[evo-noi-that.mysapo.net/tu-ke.html]
[evo-noi-that.mysapo.net/tu-kinh.html]
[evo-noi-that.mysapo.net/tu-bat-dia.html]
[evo-noi-that.mysapo.net/tu-quan-ao.html]
[evo-noi-that.mysapo.net/tu-ngan-keo.html]
[evo-noi-that.mysapo.net/sofa-ghe-thu-gian-nem.html]
[evo-noi-that.mysapo.net/sofa.html]
[evo-noi-that.mysapo.net/ghe-phong-khach.html]
[evo-noi-that.mysapo.net/nem.html]
[evo-noi-that.mysapo.net/don-mem.html]
[evo-noi-that.mysapo.net/do-trang-tri.html]
[evo-noi-that.mysapo.net/tinh-dau-tui-thom.html]
[evo-noi-that.mysapo.net/cay-hoa-gia.html]
[evo-noi-that.mysapo.net/nen-chan-nen.html]
[evo-noi-that.mysapo.net/dong-ho.html]
[evo-noi-that.mysapo.net/khung-tranh-anh.html]
[evo-noi-that.mysapo.net/do-dung-vai.html]
[evo-noi-that.mysapo.net/vat-dung-ban-an.html]
[evo-noi-that.mysapo.net/do-dung-van-phong.html]
[evo-noi-that.mysapo.net/den.html]
[evo-noi-that.mysapo.net/dung-cu-nha-bep.html]
[evo-noi-that.mysapo.net/gioi-thieu.html]
[evo-noi-that.mysapo.net/collections/all.html]
[evo-noi-that.mysapo.net/hang-moi-ve.html]
[evo-noi-that.mysapo.net/blogs/all.html]
[evo-noi-that.mysapo.net/lien-he.html]
[bizweb.dktcdn.net/100/360/933/themes/728303/assets/option-selectors7825.js]
[bizweb.dktcdn.net/100/360/933/themes/728303/assets/api-jquery7825.js]
[bizweb.dktcdn.net/100/360/933/themes/728303/assets/evo-index-js7825.js]
[bizweb.dktcdn.net/thumb/grande/100/360/933/themes/728303/assets/slider_17825.jpg]
[evo-noi-that.mysapo.net/tu-bep-bang-go-tu-nhien-nho-gon-da-nang-tien-loi.html]
[evo-noi-that.mysapo.net/search2e6a.html]
[evo-noi-that.mysapo.net/tu-bep-gia-dinh-go-cong-nghiep-nho-gon-da-nang.html]
[evo-noi-that.mysapo.net/search2921.html]
[evo-noi-that.mysapo.net/tu-bep-go-tu-nhien-thiet-ke-da-nang-dep-hien-dai.html]
[evo-noi-that.mysapo.net/mau-giuong-ngu-go-tu-nhien-thiet-ke-thong-minh.html]
[bizweb.dktcdn.net/thumb/2048x2048/100/360/933/themes/728303/assets/evo_banner_index_17825.jpg]
[bizweb.dktcdn.net/thumb/medium/100/360/933/themes/728303/assets/evo_banner_index_17825.jpg]
[bizweb.dktcdn.net/thumb/2048x2048/100/360/933/themes/728303/assets/evo_banner_index_27825.jpg]
[bizweb.dktcdn.net/thumb/medium/100/360/933/themes/728303/assets/evo_banner_index_27825.jpg]
[bizweb.dktcdn.net/thumb/2048x2048/100/360/933/themes/728303/assets/evo_banner_index_37825.jpg]
[bizweb.dktcdn.net/thumb/medium/100/360/933/themes/728303/assets/evo_banner_index_37825.jpg]
[bizweb.dktcdn.net/thumb/large/100/360/933/themes/728303/assets/evo_banner_index_37825.jpg]
[bizweb.dktcdn.net/thumb/2048x2048/100/360/933/themes/728303/assets/evo_banner_index_47825.jpg]
[bizweb.dktcdn.net/thumb/medium/100/360/933/themes/728303/assets/evo_banner_index_47825.jpg]
[bizweb.dktcdn.net/thumb/2048x2048/100/360/933/themes/728303/assets/evo_banner_index_57825.jpg]
[bizweb.dktcdn.net/thumb/medium/100/360/933/themes/728303/assets/evo_banner_index_57825.jpg]
[evo-noi-that.mysapo.net/san-pham-moi.html]
[evo-noi-that.mysapo.net/giuong-ngu-go-chat-luong-cao-cho-gia-dinh.html]
[evo-noi-that.mysapo.net/tin-tuc.html]
[evo-noi-that.mysapo.net/tam-luoi-thay-tran-nha-giup-gia-chu-sai-gon-thu-gian.html]
[evo-noi-that.mysapo.net/can-ho-150-m2-khong-tuong-ngan-o-ha-noi.html]
[evo-noi-that.mysapo.net/5-chieu-don-gian-cho-ngoi-nha-hop-phong-thuy.html]
[evo-noi-that.mysapo.net/bi-kip-phong-an-cho-ngoi-nha-nho-ma-co-vo.html]
[cdnjs.cloudflare.com/ajax/libs/jquery-form-validator/2.3.26/jquery.form-validator.min.js]
[bizweb.dktcdn.net/thumb/large/assets/themes_support/noimage.gif]
[bizweb.dktcdn.net/100/360/933/themes/728303/assets/cs.script7825.js]
[bizweb.dktcdn.net/100/360/933/themes/728303/assets/main7825.js]
[evo-noi-that.mysapo.net/index.html]
[bizweb.dktcdn.net/100/360/933/themes/728303/assets/bootstrap.scss7825.css]
[maxcdn.bootstrapcdn.com/font-awesome/4.7.0/css/font-awesome.min.css]
[bizweb.dktcdn.net/100/360/933/themes/728303/assets/plugin.scss7825.css]
[bizweb.dktcdn.net/100/360/933/themes/728303/assets/evo-main.scss7825.css]
[bizweb.dktcdn.net/100/360/933/themes/728303/assets/slick.scss7825.css]
[bizweb.dktcdn.net/100/360/933/themes/728303/assets/up-arrow3519.svg]
[bizweb.dktcdn.net/100/360/933/themes/728303/assets/evo-index.scss7825.css]
[evo-noi-that.mysapo.net/s.html]
[bizweb.dktcdn.net/100/360/933/themes/728303/assets/back3519.svg]
[bizweb.dktcdn.net/100/360/933/themes/728303/assets/evo-accounts.scss7825.css]
[bizweb.dktcdn.net/100/360/933/themes/728303/assets/account_order_style.scss7825.css]
[bizweb.dktcdn.net/assets/themes_support/bizweb-api.js]
[bizweb.dktcdn.net/assets/themes_support/common.js]
[bizweb.dktcdn.net/assets/themes_support/customer.js]
[evo-noi-that.mysapo.net/account/login.html]
[www.google.com/recaptcha/apif78f.js]
[evo-noi-that.mysapo.net/account/register.html]
[evo-noi-that.mysapo.net/cart.html]
[bizweb.dktcdn.net/100/360/933/themes/728303/assets/evo-carts.scss7825.css]
[bizweb.dktcdn.net/100/360/933/themes/728303/assets/evo-store.scss7825.css]
[bizweb.dktcdn.net/100/360/933/themes/728303/assets/tabletop7825.js]
[evo-noi-that.mysapo.net/he-thong-cua-hang.html]
[bizweb.dktcdn.net/100/360/933/themes/728303/assets/evo-collections.scss7825.css]
[bizweb.dktcdn.net/100/360/933/themes/728303/assets/evo-collection7825.js]
[evo-noi-that.mysapo.net/sofa-may-pretzel-3-seat.html]
[evo-noi-that.mysapo.net/ghe-may-tron-sieu-rong.html]
[bizweb.dktcdn.net/100/360/933/themes/728303/assets/search_filter7825.js]
[evo-noi-that.mysapo.net/noi-that-go.html]
[evo-noi-that.mysapo.net/ban.html]
[evo-noi-that.mysapo.net/ban-an.html]
[evo-noi-that.mysapo.net/ban-trang-tri.html]
[evo-noi-that.mysapo.net/ban-ca-phe.html]
[evo-noi-that.mysapo.net/ban-trang-diem.html]
[evo-noi-that.mysapo.net/bo-ban-an.html]
[evo-noi-that.mysapo.net/bo-ban-4-ghe-an.html]
[evo-noi-that.mysapo.net/bo-ban-6-ghe-an.html]
[evo-noi-that.mysapo.net/giuong.html]
[evo-noi-that.mysapo.net/giuong-1-2m.html]
[evo-noi-that.mysapo.net/giuong-1-6m.html]
[evo-noi-that.mysapo.net/giuong-1-8m.html]
[bizweb.dktcdn.net/100/360/933/themes/728303/assets/col7825.js]
[evo-noi-that.mysapo.net/giuong-tang.html]
[evo-noi-that.mysapo.net/giuong-ngu-go-tu-nhien-kieu-dang-hien-dai.html]
[evo-noi-that.mysapo.net/ghe.html]
[evo-noi-that.mysapo.net/ghe-an.html]
[evo-noi-that.mysapo.net/ghe-ngoai-troi.html]
[evo-noi-that.mysapo.net/ghe-dai.html]
[evo-noi-that.mysapo.net/ghe-don-ngoai-troi.html]
[evo-noi-that.mysapo.net/tu-ke.html]
[evo-noi-that.mysapo.net/tu-kinh.html]
[evo-noi-that.mysapo.net/tu-bat-dia.html]
[evo-noi-that.mysapo.net/tu-quan-ao.html]
[evo-noi-that.mysapo.net/tu-ngan-keo.html]
[evo-noi-that.mysapo.net/tu-dung-giay-gia-dinh-go-cong-nghiep-hien-dai.html]
[evo-noi-that.mysapo.net/giuong-ngu-go-gia-dinh-phun-son-hien-dai.html]
[evo-noi-that.mysapo.net/gia-sach-go-tu-nhien-thiet-ke-dep.html]
[evo-noi-that.mysapo.net/tam-trai-giuong-chat-mat-harmonydeco-mau-paste-150x200cm.html]
[evo-noi-that.mysapo.net/searchede9.html]
[evo-noi-that.mysapo.net/tha-m-tra-i-sa-n-mu-a-he-ssjg-angelina.html]
[evo-noi-that.mysapo.net/search8135.html]
[evo-noi-that.mysapo.net/sofa-ghe-thu-gian-nem.html]
[evo-noi-that.mysapo.net/sofa.html]
[evo-noi-that.mysapo.net/ghe-phong-khach.html]
[evo-noi-that.mysapo.net/nem.html]
[evo-noi-that.mysapo.net/don-mem.html]
[evo-noi-that.mysapo.net/do-trang-tri.html]
[evo-noi-that.mysapo.net/tinh-dau-tui-thom.html]
[evo-noi-that.mysapo.net/cay-hoa-gia.html]
[evo-noi-that.mysapo.net/nen-chan-nen.html]
[evo-noi-that.mysapo.net/tu-giay-dep-bang-go-soi-tu-nhien-hien-dai.html]
[evo-noi-that.mysapo.net/dong-ho.html]
[evo-noi-that.mysapo.net/khung-tranh-anh.html]
[evo-noi-that.mysapo.net/do-dung-vai.html]
[evo-noi-that.mysapo.net/vat-dung-ban-an.html]
[evo-noi-that.mysapo.net/do-dung-van-phong.html]
[evo-noi-that.mysapo.net/den.html]
[evo-noi-that.mysapo.net/dung-cu-nha-bep.html]
[evo-noi-that.mysapo.net/queen-chair-m-veins.html]
[evo-noi-that.mysapo.net/gioi-thieu.html]
[bizweb.dktcdn.net/100/360/933/themes/728303/assets/evo-pages.scss7825.css]
[evo-noi-that.mysapo.net/tu-bep-gia-dinh-go-soi-tu-nhien-thiet-ke-hien-dai.html]
[evo-noi-that.mysapo.net/gia-sach-gia-re-kieu-dang-nho-gon.html]
[evo-noi-that.mysapo.net/bo-nem-trai-san-vo-boc-eroomn-star-size-s-105x185c.html]
[evo-noi-that.mysapo.net/search223a.html]
[evo-noi-that.mysapo.net/collections/all.html]
[evo-noi-that.mysapo.net/hang-moi-ve.html]
[bizweb.dktcdn.net/100/360/933/themes/728303/assets/evo-blogs.scss7825.css]
[evo-noi-that.mysapo.net/cam-nang-noi-that-go-cho-to-am-trong-mo.html]
[evo-noi-that.mysapo.net/blogs/all4658.html]
[evo-noi-that.mysapo.net/blogs/all.html]
[evo-noi-that.mysapo.net/lien-he.html]
[bizweb.dktcdn.net/100/360/933/themes/728303/assets/evo-contacts.scss7825.css]
[bizweb.dktcdn.net/thumb/grande/100/360/933/products/tu-bep-bang-go-tu-nhien-nho-gon-da-nang-tien-loi-ghs-5787-1a859.jpg]
[bizweb.dktcdn.net/thumb/grande/100/360/933/products/tu-bep-bang-go-tu-nhien-nho-gon-da-nang-tien-loi-ghs-5787a859.jpg]
[bizweb.dktcdn.net/thumb/grande/100/360/933/products/tu-bep-go-tu-nhien-thiet-ke-da-nang-dep-hien-dai-ghs-5785a859.jpg]
[bizweb.dktcdn.net/100/360/933/themes/728303/assets/evo-products.scss7825.css]
[bizweb.dktcdn.net/100/360/933/themes/728303/assets/picbox.scss7825.css]
[bizweb.dktcdn.net/100/360/933/themes/728303/assets/picbox7825.js]
[bizweb.dktcdn.net/thumb/1024x1024/100/360/933/products/tu-bep-bang-go-tu-nhien-nho-gon-da-nang-tien-loi-ghs-5787-1a859.jpg]
[bizweb.dktcdn.net/thumb/1024x1024/100/360/933/products/tu-bep-bang-go-tu-nhien-nho-gon-da-nang-tien-loi-ghs-5787a859.jpg]
[bizweb.dktcdn.net/thumb/1024x1024/100/360/933/products/tu-bep-go-tu-nhien-thiet-ke-da-nang-dep-hien-dai-ghs-5785a859.jpg]
[bizweb.dktcdn.net/100/360/933/products/tu-bep-bang-go-tu-nhien-nho-gon-da-nang-tien-loi-ghs-5787da51.jpg]
[bizweb.dktcdn.net/thumb/medium/100/360/933/products/tu-bep-bang-go-tu-nhien-nho-gon-da-nang-tien-loi-ghs-5787-1a859.jpg]
[bizweb.dktcdn.net/100/360/933/themes/728303/assets/bpr-products-module.scss7825.css]
[bizweb.dktcdn.net/100/360/933/products/tu-bep-bang-go-tu-nhien-nho-gon-da-nang-tien-loi-ghs-5787-1a859.jpg]
[evo-noi-that.mysapo.net/tu-bep-bang-go-tu-nhien-nho-gon-da-nang-tien-loi.html]
[evo-noi-that.mysapo.net/search.html]
[evo-noi-that.mysapo.net/ghe-papasan.html]
[evo-noi-that.mysapo.net/sofa-may-pretzel-don.html]
[evo-noi-that.mysapo.net/search2e6a.html]
[bizweb.dktcdn.net/thumb/grande/100/360/933/products/tu-bep-gia-dinh-go-cong-nghiep-nho-gon-da-nang-ghs-5786-1a649.jpg]
[bizweb.dktcdn.net/thumb/grande/100/360/933/products/tu-bep-go-tu-nhien-thiet-ke-da-nang-dep-hien-dai-ghs-5785-300x3003d30.jpg]
[bizweb.dktcdn.net/thumb/1024x1024/100/360/933/products/tu-bep-gia-dinh-go-cong-nghiep-nho-gon-da-nang-ghs-5786-1a649.jpg]
[bizweb.dktcdn.net/thumb/1024x1024/100/360/933/products/tu-bep-go-tu-nhien-thiet-ke-da-nang-dep-hien-dai-ghs-5785-300x3003d30.jpg]
[bizweb.dktcdn.net/thumb/medium/100/360/933/products/tu-bep-gia-dinh-go-cong-nghiep-nho-gon-da-nang-ghs-5786-1a649.jpg]
[bizweb.dktcdn.net/100/360/933/products/tu-bep-gia-dinh-go-cong-nghiep-nho-gon-da-nang-ghs-5786-1a649.jpg]
[evo-noi-that.mysapo.net/tu-bep-gia-dinh-go-cong-nghiep-nho-gon-da-nang.html]
[evo-noi-that.mysapo.net/search2921.html]
[bizweb.dktcdn.net/thumb/grande/100/360/933/products/tu-bep-go-tu-nhien-thiet-ke-da-nang-dep-hien-dai-ghs-5785-f29777f0-9ccf-41eb-ab9a-f265c025a1be0412.jpg]
[bizweb.dktcdn.net/thumb/grande/100/360/933/products/tu-bep-bang-go-tu-nhien-nho-gon-da-nang-tien-loi-ghs-5787-2c9eabd4-c435-4efa-b074-99090bed567068a5.jpg]
[bizweb.dktcdn.net/thumb/1024x1024/100/360/933/products/tu-bep-go-tu-nhien-thiet-ke-da-nang-dep-hien-dai-ghs-5785-f29777f0-9ccf-41eb-ab9a-f265c025a1be0412.jpg]
[bizweb.dktcdn.net/thumb/1024x1024/100/360/933/products/tu-bep-bang-go-tu-nhien-nho-gon-da-nang-tien-loi-ghs-5787-2c9eabd4-c435-4efa-b074-99090bed567068a5.jpg]
[bizweb.dktcdn.net/100/360/933/products/tu-bep-go-tu-nhien-thiet-ke-da-nang-dep-hien-dai-ghs-5785-f29777f0-9ccf-41eb-ab9a-f265c025a1be0412.jpg]
[bizweb.dktcdn.net/thumb/medium/100/360/933/products/tu-bep-go-tu-nhien-thiet-ke-da-nang-dep-hien-dai-ghs-5785-f29777f0-9ccf-41eb-ab9a-f265c025a1be0412.jpg]
[evo-noi-that.mysapo.net/tu-bep-go-tu-nhien-thiet-ke-da-nang-dep-hien-dai.html]
[bizweb.dktcdn.net/thumb/grande/100/360/933/products/ezgif-2-c7f2105dbc1a3b06.jpg]
[bizweb.dktcdn.net/thumb/grande/100/360/933/products/giuong-ngu-gia-dinh-thanh-lich-bang-go-tu-nhien-ghs-9068-ava4df0.jpg]
[bizweb.dktcdn.net/thumb/1024x1024/100/360/933/products/ezgif-2-c7f2105dbc1a3b06.jpg]
[bizweb.dktcdn.net/thumb/1024x1024/100/360/933/products/giuong-ngu-gia-dinh-thanh-lich-bang-go-tu-nhien-ghs-9068-ava4df0.jpg]
[bizweb.dktcdn.net/thumb/icon/100/360/933/products/ezgif-2-c7f2105dbc1a3b06.jpg]
[bizweb.dktcdn.net/100/360/933/themes/728303/assets/soldout7825.png]
[bizweb.dktcdn.net/100/360/933/themes/728303/assets/select-pro7825.png]
[bizweb.dktcdn.net/thumb/icon/100/360/933/products/giuong-ngu-gia-dinh-thanh-lich-bang-go-tu-nhien-ghs-9068-ava4df0.jpg]
[bizweb.dktcdn.net/thumb/medium/100/360/933/products/ezgif-2-c7f2105dbc1a3b06.jpg]
[bizweb.dktcdn.net/100/360/933/products/ezgif-2-c7f2105dbc1a3b06.jpg]
[evo-noi-that.mysapo.net/mau-giuong-ngu-go-tu-nhien-thiet-ke-thong-minh.html]
[evo-noi-that.mysapo.net/san-pham-moi.html]
[bizweb.dktcdn.net/thumb/grande/100/360/933/products/giuong-ngu-go-chat-luong-cao-cho-gia-dinh-ghs-9071-avaf8a2.jpg]
[bizweb.dktcdn.net/thumb/grande/100/360/933/products/giuong-ngu-go-phong-cach-hien-dai-ghc-942-ava-400x6003ab4.jpg]
[bizweb.dktcdn.net/thumb/1024x1024/100/360/933/products/giuong-ngu-go-chat-luong-cao-cho-gia-dinh-ghs-9071-avaf8a2.jpg]
[bizweb.dktcdn.net/thumb/1024x1024/100/360/933/products/giuong-ngu-go-phong-cach-hien-dai-ghc-942-ava-400x6003ab4.jpg]
[bizweb.dktcdn.net/thumb/medium/100/360/933/products/giuong-ngu-go-chat-luong-cao-cho-gia-dinh-ghs-9071-avaf8a2.jpg]
[bizweb.dktcdn.net/100/360/933/products/giuong-ngu-go-chat-luong-cao-cho-gia-dinh-ghs-9071-avaf8a2.jpg]
[evo-noi-that.mysapo.net/giuong-ngu-go-chat-luong-cao-cho-gia-dinh.html]
[evo-noi-that.mysapo.net/tin-tuc4658.html]
[evo-noi-that.mysapo.net/tin-tuc.html]
[bizweb.dktcdn.net/thumb/grande/100/360/933/articles/ezgif-4-17d1ea1d1572b603.jpg]
[bizweb.dktcdn.net/100/360/933/themes/728303/assets/evo-article.scss7825.css]
[cdnjs.cloudflare.com/ajax/libs/tocbot/4.4.2/tocbot.min.js]
[i-giadinh.vnecdn.net/2019/07/14/Untitled-1_r_680x0.jpg]
[i-giadinh.vnecdn.net/2019/07/14/Nha-L1-Thu-Duc-23-1563074380_r_680x0.jpg]
[i-giadinh.vnecdn.net/2019/07/14/Nha-L1-Thu-Duc-31_r_680x0.jpg]
[i-giadinh.vnecdn.net/2019/07/14/Nha-L1-Thu-Duc-21_r_680x0.jpg]
[i-giadinh.vnecdn.net/2019/07/14/Nha-L1-Thu-Duc-14-1563078443_r_680x0.jpg]
[i-giadinh.vnecdn.net/2019/07/14/Nha-L1-Thu-Duc-38-1563087625_r_680x0.jpg]
[i-giadinh.vnecdn.net/2019/07/14/Nha-L1-Thu-Duc-40_r_680x0.jpg]
[i-giadinh.vnecdn.net/2019/07/14/Nha-L1-Thu-Duc-22_r_680x0.jpg]
[i-giadinh.vnecdn.net/2019/07/14/Nha-L1-Thu-Duc-32_r_680x0.jpg]
[i-giadinh.vnecdn.net/2019/07/14/Nha-L1-Thu-Duc-13-1563089027_r_680x0.jpg]
[i-giadinh.vnecdn.net/2019/07/14/Nha-L1-Thu-Duc-10_r_680x0.jpg]
[evo-noi-that.mysapo.net/tam-luoi-thay-tran-nha-giup-gia-chu-sai-gon-thu-gian.html]
[s7.addthis.com/js/300/addthis_widget.js]
[bizweb.dktcdn.net/thumb/grande/100/360/933/articles/ezgif-com-crop50ca.jpg]
[i-giadinh.vnecdn.net/2019/07/26/kien-viet-can-ho-suna-AHL-architects-16_r_680x0.jpg]
[i-giadinh.vnecdn.net/2019/07/26/66636782-2594913197194143-1298211954648678400-o-1564126424_r_680x0.jpg]
[i-giadinh.vnecdn.net/2019/07/26/kien-viet-can-ho-suna-AHL-architects-5-1564127084_r_680x0.jpg]
[i-giadinh.vnecdn.net/2019/07/26/kien-viet-can-ho-suna-AHL-architects-7_r_680x0.jpg]
[i-giadinh.vnecdn.net/2019/07/26/kien-viet-can-ho-suna-AHL-architects-11_r_680x0.jpg]
[i-giadinh.vnecdn.net/2019/07/26/kien-viet-can-ho-suna-AHL-architects-22-1564127846_r_680x0.jpg]
[i-giadinh.vnecdn.net/2019/07/26/kien-viet-can-ho-suna-AHL-architects-14-1564127993_r_680x0.jpg]
[i-giadinh.vnecdn.net/2019/07/26/ok1-1564128076_r_680x0.jpg]
[i-giadinh.vnecdn.net/2019/07/26/kien-viet-can-ho-suna-AHL-architects-29-1564128139_r_680x0.jpg]
[evo-noi-that.mysapo.net/can-ho-150-m2-khong-tuong-ngan-o-ha-noi.html]
[bizweb.dktcdn.net/thumb/grande/100/360/933/articles/nha-phong-thuy-1-1024x720669a.jpg]
[baya.vn/wp/wp-content/uploads/2019/07/Nhà-phong-thủy6-1024x536.jpg]
[baya.vn/wp/wp-content/uploads/2019/07/Nhà-phong-thủy-3-1024x766.jpg]
[baya.vn/wp/wp-content/uploads/2019/07/Nhà-phong-thủy-1-1024x720.jpg]
[baya.vn/wp/wp-content/uploads/2019/07/Nhà-phong-thủy-5-1024x563.jpg]
[evo-noi-that.mysapo.net/5-chieu-don-gian-cho-ngoi-nha-hop-phong-thuy.html]
[bizweb.dktcdn.net/thumb/grande/100/360/933/articles/untitled-1f181.jpg]
[baya.vn/wp/wp-content/uploads/2019/07/phòng-ăn-1.jpg]
[baya.vn/wp/wp-content/uploads/2019/07/phòng-ăn-6-951x1024.jpg]
[baya.vn/wp/wp-content/uploads/2019/07/phòng-ăn-5-1-1024x916.jpg]
[baya.vn/wp/wp-content/uploads/2019/07/phòng-ăn-4-1024x478.jpg]
[baya.vn/wp/wp-content/uploads/2019/07/phòng-ăn-7-1024x812.jpg]
[evo-noi-that.mysapo.net/bi-kip-phong-an-cho-ngoi-nha-nho-ma-co-vo.html]
[maxcdn.bootstrapcdn.com/font-awesome/4.7.0/css/font-awesome.min.css]
[bizweb.dktcdn.net/100/360/933/themes/728303/assets/btn-edit3519.png]
[bizweb.dktcdn.net/100/360/933/themes/728303/assets/up-arrow3519.svg]
[bizweb.dktcdn.net/100/360/933/themes/728303/assets/back3519.svg]
[bizweb.dktcdn.net/100/360/933/themes/728303/assets/evo-accounts.scss7825.css]
[bizweb.dktcdn.net/100/360/933/themes/728303/assets/ico-select3519.png]
[bizweb.dktcdn.net/100/360/933/themes/728303/assets/account_order_style.scss7825.css]
[bizweb.dktcdn.net/100/360/933/themes/728303/assets/evo-carts.scss7825.css]
[bizweb.dktcdn.net/100/360/933/themes/728303/assets/evo-store.scss7825.css]
[bizweb.dktcdn.net/100/360/933/themes/728303/assets/evo-collections.scss7825.css]
[bizweb.dktcdn.net/thumb/grande/100/360/933/products/9a57a1a9089742dfb363dc9169215d5404c9.jpg]
[bizweb.dktcdn.net/thumb/1024x1024/100/360/933/products/9a57a1a9089742dfb363dc9169215d5404c9.jpg]
[bizweb.dktcdn.net/thumb/medium/100/360/933/products/9a57a1a9089742dfb363dc9169215d5404c9.jpg]
[bizweb.dktcdn.net/100/360/933/products/9a57a1a9089742dfb363dc9169215d5404c9.jpg]
[evo-noi-that.mysapo.net/sofa-may-pretzel-3-seat.html]
[bizweb.dktcdn.net/thumb/grande/100/360/933/products/31546ae72e07401e9c01b616e37670350949.jpg]
[bizweb.dktcdn.net/thumb/1024x1024/100/360/933/products/31546ae72e07401e9c01b616e37670350949.jpg]
[bizweb.dktcdn.net/thumb/medium/100/360/933/products/31546ae72e07401e9c01b616e37670350949.jpg]
[bizweb.dktcdn.net/100/360/933/products/31546ae72e07401e9c01b616e37670350949.jpg]
[evo-noi-that.mysapo.net/ghe-may-tron-sieu-rong.html]
[bizweb.dktcdn.net/thumb/grande/100/360/933/products/giuong-ngu-go-tu-nhien-kieu-dang-hien-dai-ghs-9062-ava113b.jpg]
[bizweb.dktcdn.net/thumb/grande/100/360/933/products/giuong-ngu-gia-dinh-bang-go-chat-luong-cao-ghs-9065-ava113b.png]
[bizweb.dktcdn.net/thumb/1024x1024/100/360/933/products/giuong-ngu-go-tu-nhien-kieu-dang-hien-dai-ghs-9062-ava113b.jpg]
[bizweb.dktcdn.net/thumb/1024x1024/100/360/933/products/giuong-ngu-gia-dinh-bang-go-chat-luong-cao-ghs-9065-ava113b.png]
[bizweb.dktcdn.net/100/360/933/products/giuong-ngu-go-tu-nhien-kieu-dang-hien-dai-ghs-9062-ava113b.jpg]
[bizweb.dktcdn.net/thumb/medium/100/360/933/products/giuong-ngu-go-tu-nhien-kieu-dang-hien-dai-ghs-9062-ava113b.jpg]
[evo-noi-that.mysapo.net/giuong-ngu-go-tu-nhien-kieu-dang-hien-dai.html]
[bizweb.dktcdn.net/thumb/grande/100/360/933/products/tu-dung-giay-gia-dinh-go-cong-nghiep-hien-dai-ghs-5780-213b02b2-5120-4335-93d3-765028ead044e735.jpg]
[bizweb.dktcdn.net/thumb/grande/100/360/933/products/tu-giay-go-soi-tu-nhien-thiet-ke-hien-dai-ghs-57787d67.jpg]
[bizweb.dktcdn.net/thumb/1024x1024/100/360/933/products/tu-dung-giay-gia-dinh-go-cong-nghiep-hien-dai-ghs-5780-213b02b2-5120-4335-93d3-765028ead044e735.jpg]
[bizweb.dktcdn.net/thumb/1024x1024/100/360/933/products/tu-giay-go-soi-tu-nhien-thiet-ke-hien-dai-ghs-57787d67.jpg]
[bizweb.dktcdn.net/100/360/933/products/tu-dung-giay-gia-dinh-go-cong-nghiep-hien-dai-ghs-5780-213b02b2-5120-4335-93d3-765028ead044e735.jpg]
[bizweb.dktcdn.net/thumb/medium/100/360/933/products/tu-dung-giay-gia-dinh-go-cong-nghiep-hien-dai-ghs-5780-213b02b2-5120-4335-93d3-765028ead044e735.jpg]
[evo-noi-that.mysapo.net/tu-dung-giay-gia-dinh-go-cong-nghiep-hien-dai.html]
[bizweb.dktcdn.net/thumb/grande/100/360/933/products/giuong-ngu-go-gia-dinh-phun-son-hien-dai-ghs-9066-ava0234.jpg]
[bizweb.dktcdn.net/thumb/grande/100/360/933/products/giuong-ngu-go-tu-nhien-thiet-ke-dep-ghs-9068-ava0234.png]
[bizweb.dktcdn.net/thumb/1024x1024/100/360/933/products/giuong-ngu-go-gia-dinh-phun-son-hien-dai-ghs-9066-ava0234.jpg]
[bizweb.dktcdn.net/thumb/1024x1024/100/360/933/products/giuong-ngu-go-tu-nhien-thiet-ke-dep-ghs-9068-ava0234.png]
[bizweb.dktcdn.net/100/360/933/products/giuong-ngu-go-gia-dinh-phun-son-hien-dai-ghs-9066-ava0234.jpg]
[bizweb.dktcdn.net/thumb/medium/100/360/933/products/giuong-ngu-go-gia-dinh-phun-son-hien-dai-ghs-9066-ava0234.jpg]
[evo-noi-that.mysapo.net/giuong-ngu-go-gia-dinh-phun-son-hien-dai.html]
[bizweb.dktcdn.net/thumb/grande/100/360/933/products/gia-sach-go-dep-khung-sat-chac-chan-cho-gia-dinh-ghs-2164-ava-300x300b4b9.png]
[bizweb.dktcdn.net/thumb/grande/100/360/933/products/gia-sach-go-tu-nhien-thiet-ke-dep-ghs-2160-ava-300x300fa09.jpg]
[bizweb.dktcdn.net/thumb/1024x1024/100/360/933/products/gia-sach-go-dep-khung-sat-chac-chan-cho-gia-dinh-ghs-2164-ava-300x300b4b9.png]
[bizweb.dktcdn.net/thumb/1024x1024/100/360/933/products/gia-sach-go-tu-nhien-thiet-ke-dep-ghs-2160-ava-300x300fa09.jpg]
[bizweb.dktcdn.net/100/360/933/products/gia-sach-go-tu-nhien-thiet-ke-dep-ghs-2160-ava-300x300fa09.jpg]
[bizweb.dktcdn.net/thumb/medium/100/360/933/products/gia-sach-go-dep-khung-sat-chac-chan-cho-gia-dinh-ghs-2164-ava-300x300b4b9.png]
[bizweb.dktcdn.net/100/360/933/products/gia-sach-go-dep-khung-sat-chac-chan-cho-gia-dinh-ghs-2164-ava-300x300b4b9.png]
[evo-noi-that.mysapo.net/gia-sach-go-tu-nhien-thiet-ke-dep.html]
[bizweb.dktcdn.net/thumb/grande/100/360/933/products/2014813-lc403.jpg]
[bizweb.dktcdn.net/thumb/1024x1024/100/360/933/products/2014813-lc403.jpg]
[gi.esmplus.com/hamonydeco/new_img_19/19ss_seersucker_pad_wannebe_main_g.jpg]
[bizweb.dktcdn.net/thumb/medium/100/360/933/products/2014813-lc403.jpg]
[bizweb.dktcdn.net/100/360/933/products/2014813-lc403.jpg]
[evo-noi-that.mysapo.net/tam-trai-giuong-chat-mat-harmonydeco-mau-paste-150x200cm.html]
[evo-noi-that.mysapo.net/searchede9.html]
[bizweb.dktcdn.net/thumb/grande/100/360/933/products/2029013-l81f8.jpg]
[bizweb.dktcdn.net/thumb/grande/100/360/933/products/2029013-1-l1abc.jpg]
[bizweb.dktcdn.net/thumb/1024x1024/100/360/933/products/2029013-l81f8.jpg]
[bizweb.dktcdn.net/thumb/1024x1024/100/360/933/products/2029013-1-l1abc.jpg]
[gi.esmplus.com/ssjg12/18_SS/carpet/angelina_C_01.jpg]
[bizweb.dktcdn.net/thumb/medium/100/360/933/products/2029013-l81f8.jpg]
[bizweb.dktcdn.net/100/360/933/products/2029013-l81f8.jpg]
[evo-noi-that.mysapo.net/tha-m-tra-i-sa-n-mu-a-he-ssjg-angelina.html]
[evo-noi-that.mysapo.net/search8135.html]
[bizweb.dktcdn.net/thumb/grande/100/360/933/products/tu-giay-dep-bang-go-soi-tu-nhien-hien-dai-ghs-57816e17.jpg]
[bizweb.dktcdn.net/thumb/grande/100/360/933/products/tu-dung-giay-gia-dinh-go-cong-nghiep-hien-dai-ghs-5780cbbe.jpg]
[bizweb.dktcdn.net/thumb/1024x1024/100/360/933/products/tu-giay-dep-bang-go-soi-tu-nhien-hien-dai-ghs-57816e17.jpg]
[bizweb.dktcdn.net/thumb/1024x1024/100/360/933/products/tu-dung-giay-gia-dinh-go-cong-nghiep-hien-dai-ghs-5780cbbe.jpg]
[bizweb.dktcdn.net/100/360/933/products/tu-giay-dep-bang-go-soi-tu-nhien-hien-dai-ghs-57816e17.jpg]
[bizweb.dktcdn.net/thumb/medium/100/360/933/products/tu-giay-dep-bang-go-soi-tu-nhien-hien-dai-ghs-57816e17.jpg]
[evo-noi-that.mysapo.net/tu-giay-dep-bang-go-soi-tu-nhien-hien-dai.html]
[bizweb.dktcdn.net/thumb/grande/100/360/933/products/chairc520.jpg]
[bizweb.dktcdn.net/thumb/grande/100/360/933/products/nu-hoang18f5.jpg]
[bizweb.dktcdn.net/thumb/1024x1024/100/360/933/products/chairc520.jpg]
[bizweb.dktcdn.net/thumb/1024x1024/100/360/933/products/nu-hoang18f5.jpg]
[bizweb.dktcdn.net/thumb/medium/100/360/933/products/chairc520.jpg]
[bizweb.dktcdn.net/100/360/933/products/chairc520.jpg]
[evo-noi-that.mysapo.net/queen-chair-m-veins.html]
[bizweb.dktcdn.net/100/360/933/themes/728303/assets/evo-pages.scss7825.css]
[bizweb.dktcdn.net/thumb/grande/100/360/933/products/tu-bep-gia-dinh-go-soi-tu-nhien-thiet-ke-hien-dai-ghs-57828081.png]
[bizweb.dktcdn.net/thumb/grande/100/360/933/products/tu-bep-bang-go-tu-nhien-thiet-ke-da-nang-tien-nghi-ghs-5783a311.jpg]
[bizweb.dktcdn.net/thumb/1024x1024/100/360/933/products/tu-bep-gia-dinh-go-soi-tu-nhien-thiet-ke-hien-dai-ghs-57828081.png]
[bizweb.dktcdn.net/thumb/1024x1024/100/360/933/products/tu-bep-bang-go-tu-nhien-thiet-ke-da-nang-tien-nghi-ghs-5783a311.jpg]
[bizweb.dktcdn.net/100/360/933/products/tu-bep-gia-dinh-go-soi-tu-nhien-thiet-ke-hien-dai-ghs-57828081.png]
[bizweb.dktcdn.net/thumb/medium/100/360/933/products/tu-bep-gia-dinh-go-soi-tu-nhien-thiet-ke-hien-dai-ghs-57828081.png]
[evo-noi-that.mysapo.net/tu-bep-gia-dinh-go-soi-tu-nhien-thiet-ke-hien-dai.html]
[bizweb.dktcdn.net/thumb/grande/100/360/933/products/gia-sach-gia-re-kieu-dang-nho-gon-ghs-2167-ava-300x300cc66.jpg]
[bizweb.dktcdn.net/thumb/grande/100/360/933/products/ke-dung-sach-phong-khach-cho-gia-dinh-ghc-225-ava-300x300cc66.jpg]
[bizweb.dktcdn.net/thumb/1024x1024/100/360/933/products/gia-sach-gia-re-kieu-dang-nho-gon-ghs-2167-ava-300x300cc66.jpg]
[bizweb.dktcdn.net/thumb/1024x1024/100/360/933/products/ke-dung-sach-phong-khach-cho-gia-dinh-ghc-225-ava-300x300cc66.jpg]
[bizweb.dktcdn.net/100/360/933/products/gia-sach-gia-re-kieu-dang-nho-gon-ghs-2167-ava-300x3004e00.jpg]
[bizweb.dktcdn.net/thumb/medium/100/360/933/products/gia-sach-gia-re-kieu-dang-nho-gon-ghs-2167-ava-300x300cc66.jpg]
[bizweb.dktcdn.net/100/360/933/products/gia-sach-gia-re-kieu-dang-nho-gon-ghs-2167-ava-300x300cc66.jpg]
[evo-noi-that.mysapo.net/gia-sach-gia-re-kieu-dang-nho-gon.html]
[bizweb.dktcdn.net/thumb/grande/100/360/933/products/1890255-lc804.png]
[bizweb.dktcdn.net/thumb/grande/100/360/933/products/1890255-1-lc804.png]
[bizweb.dktcdn.net/thumb/1024x1024/100/360/933/products/1890255-lc804.png]
[bizweb.dktcdn.net/thumb/1024x1024/100/360/933/products/1890255-1-lc804.png]
[ai.esmplus.com/eroomn00/20190609/YOSET_SALE/img/D_21_1.jpg]
[bizweb.dktcdn.net/thumb/medium/100/360/933/products/1890255-lc804.png]
[bizweb.dktcdn.net/100/360/933/products/1890255-lc804.png]
[evo-noi-that.mysapo.net/bo-nem-trai-san-vo-boc-eroomn-star-size-s-105x185c.html]
[evo-noi-that.mysapo.net/search223a.html]
[bizweb.dktcdn.net/100/360/933/themes/728303/assets/evo-blogs.scss7825.css]
[bizweb.dktcdn.net/thumb/grande/100/360/933/articles/nt-dream-baya-1-1024x804d549.jpg]
[baya.vn/wp/wp-content/uploads/2019/07/NT-dream-BAYA-5-1024x614.jpg]
[baya.vn/wp/wp-content/uploads/2019/07/NT-dream-BAYA-2-1024x1024.jpg]
[baya.vn/wp/wp-content/uploads/2019/07/NT-dream-BAYA-4-1024x951.jpg]
[baya.vn/wp/wp-content/uploads/2019/07/NT-dream-BAYA-3-1.jpg]
[baya.vn/wp/wp-content/uploads/2019/07/NT-dream-BAYA-6-682x1024.jpg]
[baya.vn/wp/wp-content/uploads/2019/07/NT-dream-BAYA-1-1024x804.jpg]
[evo-noi-that.mysapo.net/7-cach-ho-bien-nha-tam-thanh-phong-spa-tai-gia.html]
[evo-noi-that.mysapo.net/cam-nang-noi-that-go-cho-to-am-trong-mo.html]
[evo-noi-that.mysapo.net/blogs/all2679.html]
[evo-noi-that.mysapo.net/blogs/all4658.html]
[bizweb.dktcdn.net/100/360/933/themes/728303/assets/evo-contacts.scss7825.css]
[bizweb.dktcdn.net/100/360/933/themes/728303/assets/evo-products.scss7825.css]
[bizweb.dktcdn.net/100/360/933/themes/728303/assets/closebtn3519.png]
[bizweb.dktcdn.net/100/360/933/themes/728303/assets/picbox.scss7825.css]
[bizweb.dktcdn.net/100/360/933/themes/728303/assets/bpr-products-module.scss7825.css]
[evo-noi-that.mysapo.net/search.html]
[bizweb.dktcdn.net/thumb/grande/100/360/933/products/ghe-thu-gian-may-tre-papasan-index-1a151.jpg]
[bizweb.dktcdn.net/thumb/grande/100/360/933/products/ghe-thu-gian-may-tre-papasan1c68.jpg]
[bizweb.dktcdn.net/thumb/1024x1024/100/360/933/products/ghe-thu-gian-may-tre-papasan-index-1a151.jpg]
[bizweb.dktcdn.net/thumb/1024x1024/100/360/933/products/ghe-thu-gian-may-tre-papasan1c68.jpg]
[bizweb.dktcdn.net/thumb/medium/100/360/933/products/ghe-thu-gian-may-tre-papasan-index-1a151.jpg]
[bizweb.dktcdn.net/100/360/933/products/ghe-thu-gian-may-tre-papasan-index-1a151.jpg]
[evo-noi-that.mysapo.net/ghe-papasan.html]
[bizweb.dktcdn.net/thumb/grande/100/360/933/products/83a4b4f3e4834694980efb3fdecf872d715c.jpg]
[bizweb.dktcdn.net/thumb/grande/100/360/933/products/bbafa79ddbda600350a66cb3e7adf33cf54a.jpg]
[bizweb.dktcdn.net/thumb/1024x1024/100/360/933/products/83a4b4f3e4834694980efb3fdecf872d715c.jpg]
[bizweb.dktcdn.net/thumb/1024x1024/100/360/933/products/bbafa79ddbda600350a66cb3e7adf33cf54a.jpg]
[bizweb.dktcdn.net/thumb/medium/100/360/933/products/83a4b4f3e4834694980efb3fdecf872d715c.jpg]
[bizweb.dktcdn.net/100/360/933/products/83a4b4f3e4834694980efb3fdecf872d715c.jpg]
[evo-noi-that.mysapo.net/sofa-may-pretzel-don.html]
[bizweb.dktcdn.net/100/360/933/products/tu-bep-gia-dinh-go-cong-nghiep-nho-gon-da-nang-ghs-5786e917.jpg]
[evo-noi-that.mysapo.net/tin-tuc2679.html]
[evo-noi-that.mysapo.net/tin-tuc4658.html]
[bizweb.dktcdn.net/100/360/933/themes/728303/assets/evo-article.scss7825.css]
[bizweb.dktcdn.net/100/177/134/themes/235073/assets/binb20f.png]
[bizweb.dktcdn.net/thumb/grande/100/360/933/articles/phong-tam-3-1024x767375b.jpg]
[baya.vn/wp/wp-content/uploads/2019/07/Phòng-tắm-7-1024x724.jpg]
[baya.vn/wp/wp-content/uploads/2019/07/Phòng-tắm-8-1024x769.jpg]
[baya.vn/wp/wp-content/uploads/2019/07/Phòng-tắm-5-761x1024.jpg]
[baya.vn/wp/wp-content/uploads/2019/07/Phòng-tắm-4-1024x872.jpg]
[baya.vn/wp/wp-content/uploads/2019/07/Phòng-tắm-9-1024x775.jpg]
[baya.vn/wp/wp-content/uploads/2019/07/Phòng-tắm-11-1024x1024.jpg]
[evo-noi-that.mysapo.net/7-cach-ho-bien-nha-tam-thanh-phong-spa-tai-gia.html]
[evo-noi-that.mysapo.net/blogs/all2679.html]
[evo-noi-that.mysapo.net/tin-tuc2679.html]
